###############################################################################
#
# IAR ELF Linker V7.40.2.8542/W32 for ARM                 26/May/2015  19:13:56
# Copyright 2007-2015 IAR Systems AB.
#
#    Output file  =  
#        C:\Users\user\Desktop\Projet
#        SPE\lmic-release-v1.4-for-ensimag\lmic-release-v1.4\examples\join\Debug\Exe\join.out
#    Map file     =  
#        C:\Users\user\Desktop\Projet
#        SPE\lmic-release-v1.4-for-ensimag\lmic-release-v1.4\examples\join\Debug\List\join.map
#    Command line =  
#        "C:\Users\user\Desktop\Projet
#        SPE\lmic-release-v1.4-for-ensimag\lmic-release-v1.4\examples\join\Debug\Obj\aes.o"
#        "C:\Users\user\Desktop\Projet
#        SPE\lmic-release-v1.4-for-ensimag\lmic-release-v1.4\examples\join\Debug\Obj\debug.o"
#        "C:\Users\user\Desktop\Projet
#        SPE\lmic-release-v1.4-for-ensimag\lmic-release-v1.4\examples\join\Debug\Obj\hal.o"
#        "C:\Users\user\Desktop\Projet
#        SPE\lmic-release-v1.4-for-ensimag\lmic-release-v1.4\examples\join\Debug\Obj\hw.o"
#        "C:\Users\user\Desktop\Projet
#        SPE\lmic-release-v1.4-for-ensimag\lmic-release-v1.4\examples\join\Debug\Obj\lmic.o"
#        "C:\Users\user\Desktop\Projet
#        SPE\lmic-release-v1.4-for-ensimag\lmic-release-v1.4\examples\join\Debug\Obj\main.o"
#        "C:\Users\user\Desktop\Projet
#        SPE\lmic-release-v1.4-for-ensimag\lmic-release-v1.4\examples\join\Debug\Obj\oslmic.o"
#        "C:\Users\user\Desktop\Projet
#        SPE\lmic-release-v1.4-for-ensimag\lmic-release-v1.4\examples\join\Debug\Obj\radio.o"
#        "C:\Users\user\Desktop\Projet
#        SPE\lmic-release-v1.4-for-ensimag\lmic-release-v1.4\examples\join\Debug\Obj\startup_stm32l1xx_md_iar.o"
#        "C:\Users\user\Desktop\Projet
#        SPE\lmic-release-v1.4-for-ensimag\lmic-release-v1.4\examples\join\Debug\Obj\system_stm32l1xx.o"
#        -o "C:\Users\user\Desktop\Projet
#        SPE\lmic-release-v1.4-for-ensimag\lmic-release-v1.4\examples\join\Debug\Exe\join.out"
#        --map "C:\Users\user\Desktop\Projet
#        SPE\lmic-release-v1.4-for-ensimag\lmic-release-v1.4\examples\join\Debug\List\join.map"
#        --config "C:\Program Files (x86)\IAR Systems\Embedded Workbench
#        7.2\arm\config\linker\ST\stm32l152xB.icf" --semihosting --entry
#        __iar_program_start --redirect __iar_sh_stdout=__iar_sh_stdout_swo
#        --vfe
#
###############################################################################

*******************************************************************************
*** RUNTIME MODEL ATTRIBUTES
***

CppFlavor       = *
__SystemLibrary = DLib


*******************************************************************************
*** PLACEMENT SUMMARY
***

"A1":  place at 0x08000000 { ro section .intvec };
"P1":  place in [from 0x08000000 to 0x0801ffff] { ro };
"P2":  place in [from 0x20000000 to 0x20003fff] { rw, block CSTACK, block HEAP };

  Section            Kind        Address    Size  Object
  -------            ----        -------    ----  ------
"A1":                                       0xf4
  .intvec            ro code  0x08000000    0xf4  startup_stm32l1xx_md_iar.o [1]
                            - 0x080000f4    0xf4

"P1":                                     0x59f0
  .text              ro code  0x080000f4  0x2694  lmic.o [1]
  .text              ro code  0x08002788    0x66  ABImemset.o [4]
  .text              ro code  0x080027ee    0x22  zero_init3.o [4]
  .text              ro code  0x08002810    0x76  ABImemcpy_unaligned.o [4]
  .text              ro code  0x08002888   0x9ac  aes.o [1]
  .text              ro code  0x08003234    0xe4  main.o [1]
  .text              ro code  0x08003318     0x6  radio.o [1]
  .text              ro code  0x0800331e     0x8  radio.o [1]
  .text              ro code  0x08003326     0x8  radio.o [1]
  .text              ro code  0x0800332e     0x8  radio.o [1]
  .text              ro code  0x08003336     0x8  radio.o [1]
  .text              ro code  0x08003340   0x132  I64DivMod.o [4]
  .text              ro code  0x08003474   0x7c4  radio.o [1]
  .text              ro code  0x08003c38   0x140  oslmic.o [1]
  .text              ro code  0x08003d78    0x16  lmic.o [1]
  .text              ro code  0x08003d8e     0xe  lmic.o [1]
  .text              ro code  0x08003d9c     0xa  lmic.o [1]
  .text              ro code  0x08003da8   0x424  hal.o [1]
  .text              ro code  0x080041cc    0x14  lmic.o [1]
  .text              ro code  0x080041e0    0x1c  lmic.o [1]
  .text              ro code  0x080041fc    0x22  lmic.o [1]
  .text              ro code  0x08004220    0xbc  debug.o [1]
  .text              ro code  0x080042dc    0x10  lmic.o [1]
  .text              ro code  0x080042ec    0x10  lmic.o [1]
  .text              ro code  0x080042fc     0x2  I64DivZer.o [4]
  .text              ro code  0x08004300   0x19c  hw.o [1]
  .rodata            const    0x0800449c   0x400  aes.o [1]
  .rodata            const    0x0800489c   0x400  aes.o [1]
  .rodata            const    0x08004c9c   0x400  aes.o [1]
  .rodata            const    0x0800509c   0x400  aes.o [1]
  .text              ro code  0x0800549c   0x170  system_stm32l1xx.o [1]
  .rodata            const    0x0800560c   0x100  aes.o [1]
  .rodata            const    0x0800570c    0x30  debug.o [1]
  .rodata            const    0x0800573c    0x30  lmic.o [1]
  .text              ro code  0x0800576c    0x2c  copy_init3.o [4]
  .rodata            const    0x08005798    0x28  aes.o [1]
  .text              ro code  0x080057c0    0x28  data_init.o [4]
  .iar.init_table    const    0x080057e8    0x24  - Linker created -
  .rodata            const    0x0800580c    0x20  lmic.o [1]
  .text              ro code  0x0800582c    0x1a  cmain.o [4]
  .text              ro code  0x08005846     0x4  low_level_init.o [3]
  .text              ro code  0x0800584a     0x4  exit.o [3]
  .text              ro code  0x08005850     0xa  cexit.o [4]
  .text              ro code  0x0800585c    0x14  exit.o [5]
  .rodata            const    0x08005870    0x18  lmic.o [1]
  .rodata            const    0x08005888    0x14  lmic.o [1]
  .rodata            const    0x0800589c    0x10  debug.o [1]
  .rodata            const    0x080058ac    0x10  debug.o [1]
  .rodata            const    0x080058bc    0x10  debug.o [1]
  .rodata            const    0x080058cc    0x10  debug.o [1]
  .rodata            const    0x080058dc    0x10  debug.o [1]
  .rodata            const    0x080058ec    0x10  lmic.o [1]
  .rodata            const    0x080058fc    0x10  lmic.o [1]
  .rodata            const    0x0800590c    0x10  main.o [1]
  .rodata            const    0x0800591c    0x10  radio.o [1]
  .text              ro code  0x0800592c    0x10  startup_stm32l1xx_md_iar.o [1]
  .rodata            const    0x0800593c     0xc  debug.o [1]
  .rodata            const    0x08005948     0xc  debug.o [1]
  .rodata            const    0x08005954     0xc  debug.o [1]
  .rodata            const    0x08005960     0xc  debug.o [1]
  .rodata            const    0x0800596c     0xc  debug.o [1]
  .rodata            const    0x08005978     0xc  debug.o [1]
  .rodata            const    0x08005984     0xc  lmic.o [1]
  .rodata            const    0x08005990     0xc  lmic.o [1]
  .text              ro code  0x0800599c     0xc  cstartup_M.o [4]
  .rodata            const    0x080059a8     0x8  debug.o [1]
  .rodata            const    0x080059b0     0x8  debug.o [1]
  .rodata            const    0x080059b8     0x8  debug.o [1]
  .rodata            const    0x080059c0     0x8  debug.o [1]
  .rodata            const    0x080059c8     0x8  hal.o [1]
  .rodata            const    0x080059d0     0x8  hal.o [1]
  .rodata            const    0x080059d8     0x8  main.o [1]
  .rodata            const    0x080059e0     0x8  main.o [1]
  .rodata            const    0x080059e8     0x4  radio.o [1]
  .text              ro code  0x080059ec     0x4  startup_stm32l1xx_md_iar.o [1]
  .text              ro code  0x080059f0     0x4  startup_stm32l1xx_md_iar.o [1]
  .text              ro code  0x080059f4     0x4  startup_stm32l1xx_md_iar.o [1]
  .text              ro code  0x080059f8     0x4  startup_stm32l1xx_md_iar.o [1]
  .text              ro code  0x080059fc     0x4  startup_stm32l1xx_md_iar.o [1]
  .text              ro code  0x08005a00     0x4  startup_stm32l1xx_md_iar.o [1]
  .text              ro code  0x08005a04     0x4  startup_stm32l1xx_md_iar.o [1]
  .text              ro code  0x08005a08     0x4  startup_stm32l1xx_md_iar.o [1]
  .text              ro code  0x08005a0c     0x4  startup_stm32l1xx_md_iar.o [1]
  .text              ro code  0x08005a10     0x4  startup_stm32l1xx_md_iar.o [1]
  .text              ro code  0x08005a14     0x4  startup_stm32l1xx_md_iar.o [1]
  .text              ro code  0x08005a18     0x4  startup_stm32l1xx_md_iar.o [1]
  .text              ro code  0x08005a1c     0x4  startup_stm32l1xx_md_iar.o [1]
  .text              ro code  0x08005a20     0x4  startup_stm32l1xx_md_iar.o [1]
  .text              ro code  0x08005a24     0x4  startup_stm32l1xx_md_iar.o [1]
  .text              ro code  0x08005a28     0x4  startup_stm32l1xx_md_iar.o [1]
  .text              ro code  0x08005a2c     0x4  startup_stm32l1xx_md_iar.o [1]
  .text              ro code  0x08005a30     0x4  startup_stm32l1xx_md_iar.o [1]
  .text              ro code  0x08005a34     0x4  startup_stm32l1xx_md_iar.o [1]
  .text              ro code  0x08005a38     0x4  startup_stm32l1xx_md_iar.o [1]
  .text              ro code  0x08005a3c     0x4  startup_stm32l1xx_md_iar.o [1]
  .text              ro code  0x08005a40     0x4  startup_stm32l1xx_md_iar.o [1]
  .text              ro code  0x08005a44     0x4  startup_stm32l1xx_md_iar.o [1]
  .text              ro code  0x08005a48     0x4  startup_stm32l1xx_md_iar.o [1]
  .text              ro code  0x08005a4c     0x4  startup_stm32l1xx_md_iar.o [1]
  .text              ro code  0x08005a50     0x4  startup_stm32l1xx_md_iar.o [1]
  .text              ro code  0x08005a54     0x4  startup_stm32l1xx_md_iar.o [1]
  .text              ro code  0x08005a58     0x4  startup_stm32l1xx_md_iar.o [1]
  .text              ro code  0x08005a5c     0x4  startup_stm32l1xx_md_iar.o [1]
  .text              ro code  0x08005a60     0x4  startup_stm32l1xx_md_iar.o [1]
  .text              ro code  0x08005a64     0x4  startup_stm32l1xx_md_iar.o [1]
  .text              ro code  0x08005a68     0x4  startup_stm32l1xx_md_iar.o [1]
  .text              ro code  0x08005a6c     0x4  startup_stm32l1xx_md_iar.o [1]
  .text              ro code  0x08005a70     0x4  startup_stm32l1xx_md_iar.o [1]
  .text              ro code  0x08005a74     0x4  startup_stm32l1xx_md_iar.o [1]
  .text              ro code  0x08005a78     0x4  startup_stm32l1xx_md_iar.o [1]
  .text              ro code  0x08005a7c     0x4  startup_stm32l1xx_md_iar.o [1]
  .text              ro code  0x08005a80     0x4  startup_stm32l1xx_md_iar.o [1]
  .text              ro code  0x08005a84     0x4  startup_stm32l1xx_md_iar.o [1]
  .text              ro code  0x08005a88     0x4  startup_stm32l1xx_md_iar.o [1]
  .text              ro code  0x08005a8c     0x4  startup_stm32l1xx_md_iar.o [1]
  .text              ro code  0x08005a90     0x4  startup_stm32l1xx_md_iar.o [1]
  .text              ro code  0x08005a94     0x4  startup_stm32l1xx_md_iar.o [1]
  .text              ro code  0x08005a98     0x4  startup_stm32l1xx_md_iar.o [1]
  .text              ro code  0x08005a9c     0x4  startup_stm32l1xx_md_iar.o [1]
  .text              ro code  0x08005aa0     0x4  startup_stm32l1xx_md_iar.o [1]
  .rodata            const    0x08005aa4     0x0  zero_init3.o [4]
  .rodata            const    0x08005aa4     0x0  copy_init3.o [4]
  Initializer bytes  const    0x08005aa4    0x40  <for P2 s0>
                            - 0x08005ae4  0x59f0

"P2":                                      0xad8
  P2 s0                       0x20000000    0x40  <Init block>
    .data            inited   0x20000000    0x40  debug.o [1]
  .bss               zero     0x20000040   0x1a8  lmic.o [1]
  .bss               zero     0x200001e8    0xb0  aes.o [1]
  .bss               zero     0x20000298    0x10  aes.o [1]
  .bss               zero     0x200002a8    0x10  radio.o [1]
  .bss               zero     0x200002b8     0xc  main.o [1]
  .bss               zero     0x200002c4     0x8  hal.o [1]
  .bss               zero     0x200002cc     0x8  oslmic.o [1]
  .bss               zero     0x200002d4     0x1  main.o [1]
  CSTACK                      0x200002d8   0x800  <Block>
    CSTACK           uninit   0x200002d8   0x800  <Block tail>
                            - 0x20000ad8   0xad8


*******************************************************************************
*** INIT TABLE
***

          Address     Size
          -------     ----
Zero (__iar_zero_init3)
    1 destination range, total size 0x295:
          0x20000040  0x295

Copy (__iar_copy_init3)
    1 source range, total size 0x40:
          0x08005aa4   0x40
    1 destination range, total size 0x40:
          0x20000000   0x40



*******************************************************************************
*** MODULE SUMMARY
***

    Module                      ro code  ro data  rw data
    ------                      -------  -------  -------
C:\Users\user\Desktop\Projet SPE\lmic-release-v1.4-for-ensimag\lmic-release-v1.4\examples\join\Debug\Obj: [1]
    aes.o                         2 476    4 392      192
    debug.o                         188      296       64
    hal.o                         1 060       16        8
    hw.o                            412
    lmic.o                       10 036      180      424
    main.o                          228       32       13
    oslmic.o                        320                 8
    radio.o                       2 026       20       16
    startup_stm32l1xx_md_iar.o      444
    system_stm32l1xx.o              368
    -----------------------------------------------------
    Total:                       17 558    4 936      725

command line: [2]
    -----------------------------------------------------
    Total:

dl7M_tln.a: [3]
    exit.o                            4
    low_level_init.o                  4
    -----------------------------------------------------
    Total:                            8

rt7M_tl.a: [4]
    ABImemcpy_unaligned.o           118
    ABImemset.o                     102
    I64DivMod.o                     306
    I64DivZer.o                       2
    cexit.o                          10
    cmain.o                          26
    copy_init3.o                     44
    cstartup_M.o                     12
    data_init.o                      40
    zero_init3.o                     34
    -----------------------------------------------------
    Total:                          694

shb_l.a: [5]
    exit.o                           20
    -----------------------------------------------------
    Total:                           20

    Gaps                             16
    Linker created                            36    2 048
---------------------------------------------------------
    Grand Total:                 18 296    4 972    2 773


*******************************************************************************
*** ENTRY LIST
***

Entry                      Address   Size  Type      Object
-----                      -------   ----  ----      ------
.iar.init_table$$Base   0x080057e8          --   Gb  - Linker created -
.iar.init_table$$Limit  0x0800580c          --   Gb  - Linker created -
?main                   0x0800582d         Code  Gb  cmain.o [4]
AESAUX                  0x20000298   0x10  Data  Gb  aes.o [1]
AESKEY                  0x200001e8   0xb0  Data  Gb  aes.o [1]
AES_E1                  0x0800449c  0x400  Data  Lc  aes.o [1]
AES_E2                  0x0800489c  0x400  Data  Lc  aes.o [1]
AES_E3                  0x08004c9c  0x400  Data  Lc  aes.o [1]
AES_E4                  0x0800509c  0x400  Data  Lc  aes.o [1]
AES_RCON                0x08005798   0x28  Data  Lc  aes.o [1]
AES_S                   0x0800560c  0x100  Data  Lc  aes.o [1]
APPEUI                  0x080059d8    0x8  Data  Lc  main.o [1]
CSTACK$$Base            0x200002d8          --   Gb  - Linker created -
CSTACK$$Limit           0x20000ad8          --   Gb  - Linker created -
DEVEUI                  0x080059e0    0x8  Data  Lc  main.o [1]
DEVKEY                  0x0800590c   0x10  Data  Lc  main.o [1]
DR2HSYM_osticks         0x0800580c   0x20  Data  Lc  lmic.o [1]
DRADJUST                0x08005990    0xc  Data  Lc  lmic.o [1]
EXTI0_IRQHandler        0x08003f19    0x8  Code  Gb  hal.o [1]
EXTI15_10_IRQHandler    0x08003f49    0x8  Code  Gb  hal.o [1]
EXTI1_IRQHandler        0x08003f21    0x8  Code  Gb  hal.o [1]
EXTI2_IRQHandler        0x08003f29    0x8  Code  Gb  hal.o [1]
EXTI3_IRQHandler        0x08003f31    0x8  Code  Gb  hal.o [1]
EXTI4_IRQHandler        0x08003f39    0x8  Code  Gb  hal.o [1]
EXTI9_5_IRQHandler      0x08003f41    0x8  Code  Gb  hal.o [1]
EXTI_IRQHandler         0x08003ed5   0x44  Code  Gb  hal.o [1]
HAL                     0x200002c4    0x8  Data  Lc  hal.o [1]
LMIC                    0x20000040  0x1a8  Data  Gb  lmic.o [1]
LMIC_init               0x08002731    0xa  Code  Gb  lmic.o [1]
LMIC_reset              0x080026b1   0x80  Code  Gb  lmic.o [1]
LMIC_setupChannel       0x08000991   0xaa  Code  Gb  lmic.o [1]
LMIC_startJoining       0x08001e7d   0x70  Code  Gb  lmic.o [1]
LORA_RXDONE_FIXUP       0x0800591c   0x10  Data  Lc  radio.o [1]
OS                      0x200002cc    0x8  Data  Lc  oslmic.o [1]
Region$$Table$$Base     0x080057e8          --   Gb  - Linker created -
Region$$Table$$Limit    0x0800580c          --   Gb  - Linker created -
SENSITIVITY             0x08005870   0x18  Data  Lc  lmic.o [1]
SetSysClock             0x080054ef   0xf2  Code  Lc  system_stm32l1xx.o [1]
SystemInit              0x0800549d   0x52  Code  Gb  system_stm32l1xx.o [1]
TIM9_IRQHandler         0x080040d9   0x26  Code  Gb  hal.o [1]
TXPOWLEVELS             0x080058fc   0x10  Data  Lc  lmic.o [1]
_DR2RPS_CRC             0x08005984    0xc  Data  Gb  lmic.o [1]
__aeabi_ldiv0           0x080042fd         Code  Gb  I64DivZer.o [4]
__aeabi_ldivmod         0x08003341         Code  Gb  I64DivMod.o [4]
__aeabi_memset          0x08002789         Code  Gb  ABImemset.o [4]
__aeabi_uldivmod        0x08003385         Code  Gb  I64DivMod.o [4]
__cmain                 0x0800582d         Code  Gb  cmain.o [4]
__exit                  0x0800585d   0x14  Code  Gb  exit.o [5]
__iar_Memset            0x08002789         Code  Gb  ABImemset.o [4]
__iar_Memset_word       0x08002791         Code  Gb  ABImemset.o [4]
__iar_copy_init3        0x0800576d   0x2c  Code  Gb  copy_init3.o [4]
__iar_data_init3        0x080057c1   0x28  Code  Gb  data_init.o [4]
__iar_program_start     0x0800599d         Code  Gb  cstartup_M.o [4]
__iar_unaligned___aeabi_memcpy
                        0x08002811         Code  Gb  ABImemcpy_unaligned.o [4]
__iar_unaligned___aeabi_memcpy4
                        0x08002831         Code  Gb  ABImemcpy_unaligned.o [4]
__iar_unaligned___aeabi_memcpy8
                        0x08002831         Code  Gb  ABImemcpy_unaligned.o [4]
__iar_zero_init3        0x080027ef   0x22  Code  Gb  zero_init3.o [4]
__low_level_init        0x08005847    0x4  Code  Gb  low_level_init.o [3]
__vector_table          0x08000000         Data  Gb  startup_stm32l1xx_md_iar.o [1]
_call_main              0x08005839         Code  Gb  cmain.o [4]
_exit                   0x08005851         Code  Gb  cexit.o [4]
_main                   0x08005843         Code  Gb  cmain.o [4]
aes_appendMic           0x08000249   0x4c  Code  Lc  lmic.o [1]
aes_appendMic0          0x08000295   0x24  Code  Lc  lmic.o [1]
aes_cipher              0x08000305   0x90  Code  Lc  lmic.o [1]
aes_encrypt             0x080002e9   0x1c  Code  Lc  lmic.o [1]
aes_sessKeys            0x08000395   0x78  Code  Lc  lmic.o [1]
aes_verifyMic           0x080001f1   0x58  Code  Lc  lmic.o [1]
aes_verifyMic0          0x080002b9   0x30  Code  Lc  lmic.o [1]
aesroundkeys            0x08002889   0xc8  Code  Lc  aes.o [1]
blinkfunc               0x08003299   0x34  Code  Lc  main.o [1]
blinkjob                0x200002b8    0xc  Data  Lc  main.o [1]
buildDataFrame          0x080019e9  0x2f8  Code  Lc  lmic.o [1]
buildJoinRequest        0x08001e1d   0x4e  Code  Lc  lmic.o [1]
calcAirTime             0x08000435  0x102  Code  Gb  lmic.o [1]
calcBcnRxWindowFromMillis
                        0x080005b9   0x90  Code  Lc  lmic.o [1]
calcRxWindow            0x08000537   0x82  Code  Lc  lmic.o [1]
configChannel           0x08003625   0x44  Code  Lc  radio.o [1]
configLoraModem         0x08003569   0xbc  Code  Lc  radio.o [1]
configPower             0x08003669   0x30  Code  Lc  radio.o [1]
convFreq                0x08000a3b   0x26  Code  Lc  lmic.o [1]
debug_char              0x08004277   0x10  Code  Gb  debug.o [1]
debug_event             0x0800429d   0x1c  Code  Gb  debug.o [1]
debug_init              0x08004221   0x44  Code  Gb  debug.o [1]
debug_led               0x08004265   0x12  Code  Gb  debug.o [1]
debug_str               0x08004287   0x16  Code  Gb  debug.o [1]
decDR                   0x080041cd   0x14  Code  Gb  lmic.o [1]
decodeBeacon            0x08000e35   0xe8  Code  Lc  lmic.o [1]
decodeFrame             0x08000f41  0x5ba  Code  Lc  lmic.o [1]
deltaticks              0x08004049   0x26  Code  Lc  hal.o [1]
dndr2rps                0x08003d79   0x16  Code  Gb  lmic.o [1]
engineUpdate            0x080023a1  0x304  Code  Lc  lmic.o [1]
exit                    0x0800584b    0x4  Code  Gb  exit.o [3]
getBw                   0x0800331f    0x8  Code  Gb  radio.o [1]
getCr                   0x08003337    0x8  Code  Gb  radio.o [1]
getIh                   0x0800332f    0x8  Code  Gb  radio.o [1]
getNocrc                0x08003327    0x8  Code  Gb  radio.o [1]
getSensitivity          0x0800040d   0x28  Code  Gb  lmic.o [1]
getSf                   0x08003319    0x6  Code  Gb  radio.o [1]
hal_checkTimer          0x0800407f   0x5a  Code  Gb  hal.o [1]
hal_disableIRQs         0x080040ff    0xe  Code  Gb  hal.o [1]
hal_enableIRQs          0x0800410d   0x16  Code  Gb  hal.o [1]
hal_failed              0x080041c1    0xc  Code  Gb  hal.o [1]
hal_init                0x08004133   0x28  Code  Gb  hal.o [1]
hal_io_init             0x08003da9   0xb2  Code  Lc  hal.o [1]
hal_pin_nss             0x08003e8b   0x12  Code  Gb  hal.o [1]
hal_pin_rst             0x08003e9d   0x38  Code  Gb  hal.o [1]
hal_pin_rxtx            0x08003e5b   0x30  Code  Gb  hal.o [1]
hal_sleep               0x08004123   0x10  Code  Gb  hal.o [1]
hal_spi                 0x08003f8d   0x18  Code  Gb  hal.o [1]
hal_spi_init            0x08003f51   0x3c  Code  Lc  hal.o [1]
hal_ticks               0x0800401f   0x2a  Code  Gb  hal.o [1]
hal_time_init           0x08003fa5   0x7a  Code  Lc  hal.o [1]
hal_waitUntil           0x0800406f   0x10  Code  Gb  hal.o [1]
hw_cfg_extirq           0x080043a9   0xd8  Code  Gb  hw.o [1]
hw_cfg_pin              0x08004301   0x8e  Code  Gb  hw.o [1]
hw_set_pin              0x0800438f   0x1a  Code  Gb  hw.o [1]
iniChannelFreq          0x0800573c   0x30  Data  Lc  lmic.o [1]
initDefaultChannels     0x08000857  0x13a  Code  Lc  lmic.o [1]
initJoinLoop            0x08000c63   0x4c  Code  Lc  lmic.o [1]
initfunc                0x08003271    0xe  Code  Lc  main.o [1]
inputpins               0x080059d0    0x8  Data  Lc  hal.o [1]
jreqDone                0x08001917   0x12  Code  Lc  lmic.o [1]
ledstate                0x200002d4    0x1  Data  Lc  main.o [1]
lowerDR                 0x080041fd   0x22  Code  Gb  lmic.o [1]
main                    0x0800327f   0x1a  Code  Gb  main.o [1]
mapChannels             0x08000a61   0x62  Code  Lc  lmic.o [1]
micB0                   0x08000193   0x5e  Code  Lc  lmic.o [1]
nextJoinState           0x08000caf   0xaa  Code  Lc  lmic.o [1]
nextTx                  0x08000b37   0xf0  Code  Lc  lmic.o [1]
onBcnRx                 0x08001ce9   0xa4  Code  Lc  lmic.o [1]
onEvent                 0x080032cd   0x30  Code  Gb  main.o [1]
onJoinFailed            0x08001681    0xc  Code  Lc  lmic.o [1]
opmode                  0x0800352d   0x1c  Code  Lc  radio.o [1]
opmodeFSK               0x08003559   0x10  Code  Lc  radio.o [1]
opmodeLora              0x08003549   0x10  Code  Lc  radio.o [1]
os_aes                  0x08002951  0x8c2  Code  Gb  aes.o [1]
os_clearCallback        0x08003c7f   0x2e  Code  Gb  oslmic.o [1]
os_crc16                0x0800015b   0x38  Code  Gb  lmic.o [1]
os_getArtEui            0x08003235   0x14  Code  Gb  main.o [1]
os_getBattLevel         0x08000157    0x4  Code  Gb  lmic.o [1]
os_getDevEui            0x08003249   0x14  Code  Gb  main.o [1]
os_getDevKey            0x0800325d   0x14  Code  Gb  main.o [1]
os_getTime              0x08003c59    0x8  Code  Gb  oslmic.o [1]
os_init                 0x08003c39   0x20  Code  Gb  oslmic.o [1]
os_radio                0x08003bfd   0x3c  Code  Gb  radio.o [1]
os_rlsbf2               0x080000f5    0xc  Code  Gb  lmic.o [1]
os_rlsbf4               0x08000101   0x16  Code  Gb  lmic.o [1]
os_rmsbf4               0x08000117   0x16  Code  Gb  lmic.o [1]
os_runloop              0x08003d19   0x56  Code  Gb  oslmic.o [1]
os_setCallback          0x08003cad   0x2c  Code  Gb  oslmic.o [1]
os_setTimedCallback     0x08003cd9   0x40  Code  Gb  oslmic.o [1]
os_wlsbf2               0x0800012d    0xa  Code  Gb  lmic.o [1]
os_wlsbf4               0x08000137   0x10  Code  Gb  lmic.o [1]
os_wmsbf4               0x08000147   0x10  Code  Gb  lmic.o [1]
outputpins              0x080059c8    0x8  Data  Lc  hal.o [1]
processBeacon           0x0800212d  0x212  Code  Lc  lmic.o [1]
processDnData           0x08001f25  0x1f6  Code  Lc  lmic.o [1]
processJoinAccept       0x0800168d  0x220  Code  Lc  lmic.o [1]
processPingRx           0x08001eed   0x30  Code  Lc  lmic.o [1]
processRx1DnData        0x08001997   0x26  Code  Lc  lmic.o [1]
processRx1Jacc          0x080018e3   0x26  Code  Lc  lmic.o [1]
processRx2DnData        0x08001933   0x50  Code  Lc  lmic.o [1]
processRx2DnDataDelay   0x08001929    0xa  Code  Lc  lmic.o [1]
processRx2Jacc          0x080018ad   0x22  Code  Lc  lmic.o [1]
radio_init              0x080039df   0xa0  Code  Gb  radio.o [1]
radio_irq_handler       0x08003ab3  0x12c  Code  Gb  radio.o [1]
radio_rand1             0x08003a7f   0x34  Code  Gb  radio.o [1]
randbuf                 0x200002a8   0x10  Data  Lc  radio.o [1]
readBuf                 0x080034f7   0x36  Code  Lc  radio.o [1]
readReg                 0x0800349b   0x26  Code  Lc  radio.o [1]
reportEvent             0x08000d6f   0x12  Code  Lc  lmic.o [1]
rndDelay                0x08000777   0x4c  Code  Lc  lmic.o [1]
runEngineUpdate         0x08000d65    0xa  Code  Lc  lmic.o [1]
runReset                0x08000d81   0x14  Code  Lc  lmic.o [1]
rxfsk                   0x080038e3   0xc8  Code  Lc  radio.o [1]
rxlora                  0x0800382d   0xb6  Code  Lc  radio.o [1]
rxlorairqmask           0x080059e8    0x4  Data  Lc  radio.o [1]
rxschedInit             0x08000649   0xc8  Code  Lc  lmic.o [1]
rxschedNext             0x08000711   0x66  Code  Lc  lmic.o [1]
schedRx2                0x0800154d   0x40  Code  Lc  lmic.o [1]
setBcnRxParams          0x08000c27   0x3c  Code  Lc  lmic.o [1]
setCr                   0x080042ed   0x10  Code  Gb  lmic.o [1]
setDrJoin               0x0800080d    0xa  Code  Lc  lmic.o [1]
setDrTxpow              0x08000817   0x40  Code  Lc  lmic.o [1]
setIh                   0x08003d9d    0xa  Code  Gb  lmic.o [1]
setNocrc                0x08003d8f    0xe  Code  Gb  lmic.o [1]
setupRx1                0x0800158d   0x38  Code  Lc  lmic.o [1]
setupRx1DnData          0x080019bd    0xe  Code  Lc  lmic.o [1]
setupRx1Jacc            0x08001909    0xe  Code  Lc  lmic.o [1]
setupRx2                0x08001505   0x3e  Code  Lc  lmic.o [1]
setupRx2DnData          0x08001983   0x14  Code  Lc  lmic.o [1]
setupRx2Jacc            0x080018cf   0x14  Code  Lc  lmic.o [1]
startJoining            0x08001e71    0xc  Code  Lc  lmic.o [1]
startRxBcn              0x0800233f   0x16  Code  Lc  lmic.o [1]
startRxPing             0x08002355   0x16  Code  Lc  lmic.o [1]
startScan               0x08001d8d   0x90  Code  Lc  lmic.o [1]
startrx                 0x080039ab   0x34  Code  Lc  radio.o [1]
starttx                 0x08003801   0x2c  Code  Lc  radio.o [1]
stateJustJoined         0x08000d95   0x98  Code  Lc  lmic.o [1]
txDelay                 0x080007c3   0x4a  Code  Lc  lmic.o [1]
txDone                  0x080015c5   0x9c  Code  Lc  lmic.o [1]
txfsk                   0x08003699   0xce  Code  Lc  radio.o [1]
txlora                  0x08003767   0x9a  Code  Lc  radio.o [1]
unlinkjob               0x08003c61   0x1e  Code  Lc  oslmic.o [1]
updataDone              0x080019cb   0x12  Code  Lc  lmic.o [1]
updateTx                0x08000ac3   0x74  Code  Lc  lmic.o [1]
updr2rps                0x080042dd   0x10  Code  Gb  lmic.o [1]
validDR                 0x080041e1   0x1c  Code  Gb  lmic.o [1]
writeBuf                0x080034c1   0x36  Code  Lc  radio.o [1]
writeReg                0x08003475   0x26  Code  Lc  radio.o [1]


[1] = C:\Users\user\Desktop\Projet SPE\lmic-release-v1.4-for-ensimag\lmic-release-v1.4\examples\join\Debug\Obj
[2] = command line
[3] = dl7M_tln.a
[4] = rt7M_tl.a
[5] = shb_l.a

  18 296 bytes of readonly  code memory
   4 972 bytes of readonly  data memory
   2 773 bytes of readwrite data memory

Errors: none
Warnings: none
