###############################################################################
#
# IAR ELF Linker V7.40.2.8542/W32 for ARM                 02/Jun/2015  12:20:25
# Copyright 2007-2015 IAR Systems AB.
#
#    Output file  =  
#        C:\Users\jocelyn\Desktop\spé\lora-parameter-study\lmic-release-v1.4-for-ensimag\lmic-release-v1.4\source\uplink_test\Debug\Exe\join.out
#    Map file     =  
#        C:\Users\jocelyn\Desktop\spé\lora-parameter-study\lmic-release-v1.4-for-ensimag\lmic-release-v1.4\source\uplink_test\Debug\List\join.map
#    Command line =  
#        C:\Users\jocelyn\Desktop\spé\lora-parameter-study\lmic-release-v1.4-for-ensimag\lmic-release-v1.4\source\uplink_test\Debug\Obj\aes.o
#        C:\Users\jocelyn\Desktop\spé\lora-parameter-study\lmic-release-v1.4-for-ensimag\lmic-release-v1.4\source\uplink_test\Debug\Obj\debug.o
#        C:\Users\jocelyn\Desktop\spé\lora-parameter-study\lmic-release-v1.4-for-ensimag\lmic-release-v1.4\source\uplink_test\Debug\Obj\hal.o
#        C:\Users\jocelyn\Desktop\spé\lora-parameter-study\lmic-release-v1.4-for-ensimag\lmic-release-v1.4\source\uplink_test\Debug\Obj\hw.o
#        C:\Users\jocelyn\Desktop\spé\lora-parameter-study\lmic-release-v1.4-for-ensimag\lmic-release-v1.4\source\uplink_test\Debug\Obj\lmic.o
#        C:\Users\jocelyn\Desktop\spé\lora-parameter-study\lmic-release-v1.4-for-ensimag\lmic-release-v1.4\source\uplink_test\Debug\Obj\main.o
#        C:\Users\jocelyn\Desktop\spé\lora-parameter-study\lmic-release-v1.4-for-ensimag\lmic-release-v1.4\source\uplink_test\Debug\Obj\oslmic.o
#        C:\Users\jocelyn\Desktop\spé\lora-parameter-study\lmic-release-v1.4-for-ensimag\lmic-release-v1.4\source\uplink_test\Debug\Obj\radio.o
#        C:\Users\jocelyn\Desktop\spé\lora-parameter-study\lmic-release-v1.4-for-ensimag\lmic-release-v1.4\source\uplink_test\Debug\Obj\startup_stm32l1xx_md_iar.o
#        C:\Users\jocelyn\Desktop\spé\lora-parameter-study\lmic-release-v1.4-for-ensimag\lmic-release-v1.4\source\uplink_test\Debug\Obj\system_stm32l1xx.o
#        -o
#        C:\Users\jocelyn\Desktop\spé\lora-parameter-study\lmic-release-v1.4-for-ensimag\lmic-release-v1.4\source\uplink_test\Debug\Exe\join.out
#        --map
#        C:\Users\jocelyn\Desktop\spé\lora-parameter-study\lmic-release-v1.4-for-ensimag\lmic-release-v1.4\source\uplink_test\Debug\List\join.map
#        --config "C:\Program Files (x86)\IAR Systems\Embedded Workbench
#        7.2\arm\config\linker\ST\stm32l152xB.icf" --semihosting --entry
#        __iar_program_start --redirect __iar_sh_stdout=__iar_sh_stdout_swo
#        --vfe
#
###############################################################################

*******************************************************************************
*** RUNTIME MODEL ATTRIBUTES
***

CppFlavor       = *
__SystemLibrary = DLib


*******************************************************************************
*** PLACEMENT SUMMARY
***

"A1":  place at 0x08000000 { ro section .intvec };
"P1":  place in [from 0x08000000 to 0x0801ffff] { ro };
"P2":  place in [from 0x20000000 to 0x20003fff] { rw, block CSTACK, block HEAP };

  Section            Kind        Address    Size  Object
  -------            ----        -------    ----  ------
"A1":                                       0xf4
  .intvec            ro code  0x08000000    0xf4  startup_stm32l1xx_md_iar.o [1]
                            - 0x080000f4    0xf4

"P1":                                     0x5638
  .text              ro code  0x080000f4  0x1e94  lmic.o [1]
  .text              ro code  0x08001f88    0x66  ABImemset.o [4]
  .text              ro code  0x08001fee    0x22  zero_init3.o [4]
  .text              ro code  0x08002010    0x76  ABImemcpy_unaligned.o [4]
  .text              ro code  0x08002088   0x9ac  aes.o [1]
  .text              ro code  0x08002a34   0x37c  main.o [1]
  .text              ro code  0x08002db0     0x6  radio.o [1]
  .text              ro code  0x08002db6     0x8  radio.o [1]
  .text              ro code  0x08002dbe     0x8  radio.o [1]
  .text              ro code  0x08002dc6     0x8  radio.o [1]
  .text              ro code  0x08002dce     0x8  radio.o [1]
  .text              ro code  0x08002dd8   0x132  I64DivMod.o [4]
  .text              ro code  0x08002f0c   0x7c4  radio.o [1]
  .text              ro code  0x080036d0   0x140  oslmic.o [1]
  .text              ro code  0x08003810    0x16  lmic.o [1]
  .text              ro code  0x08003826     0xe  lmic.o [1]
  .text              ro code  0x08003834     0xa  lmic.o [1]
  .text              ro code  0x08003840   0x148  debug.o [1]
  .text              ro code  0x08003988   0x424  hal.o [1]
  .text              ro code  0x08003dac    0x1c  lmic.o [1]
  .text              ro code  0x08003dc8    0x22  lmic.o [1]
  .text              ro code  0x08003dec    0x10  lmic.o [1]
  .text              ro code  0x08003dfc    0x10  lmic.o [1]
  .text              ro code  0x08003e0c     0x2  I64DivZer.o [4]
  .text              ro code  0x08003e10   0x19c  hw.o [1]
  .text              ro code  0x08003fac    0x14  lmic.o [1]
  .rodata            const    0x08003fc0   0x400  aes.o [1]
  .rodata            const    0x080043c0   0x400  aes.o [1]
  .rodata            const    0x080047c0   0x400  aes.o [1]
  .rodata            const    0x08004bc0   0x400  aes.o [1]
  .text              ro code  0x08004fc0   0x170  system_stm32l1xx.o [1]
  .rodata            const    0x08005130   0x100  aes.o [1]
  .rodata            const    0x08005230    0x34  main.o [1]
  .rodata            const    0x08005264    0x30  debug.o [1]
  .rodata            const    0x08005294    0x30  lmic.o [1]
  .rodata            const    0x080052c4    0x2c  lmic.o [1]
  .text              ro code  0x080052f0    0x2c  copy_init3.o [4]
  .rodata            const    0x0800531c    0x28  aes.o [1]
  .text              ro code  0x08005344    0x28  data_init.o [4]
  .rodata            const    0x0800536c    0x24  lmic.o [1]
  .rodata            const    0x08005390    0x24  main.o [1]
  .iar.init_table    const    0x080053b4    0x24  - Linker created -
  .rodata            const    0x080053d8    0x20  lmic.o [1]
  .rodata            const    0x080053f8    0x20  main.o [1]
  .rodata            const    0x08005418    0x1c  lmic.o [1]
  .text              ro code  0x08005434    0x1a  cmain.o [4]
  .text              ro code  0x0800544e     0x4  low_level_init.o [3]
  .text              ro code  0x08005452     0x4  exit.o [3]
  .text              ro code  0x08005458     0xa  cexit.o [4]
  .text              ro code  0x08005464    0x14  exit.o [5]
  .rodata            const    0x08005478    0x18  lmic.o [1]
  .rodata            const    0x08005490    0x18  lmic.o [1]
  .rodata            const    0x080054a8    0x14  debug.o [1]
  .rodata            const    0x080054bc    0x14  main.o [1]
  .rodata            const    0x080054d0    0x10  debug.o [1]
  .rodata            const    0x080054e0    0x10  debug.o [1]
  .rodata            const    0x080054f0    0x10  debug.o [1]
  .rodata            const    0x08005500    0x10  debug.o [1]
  .rodata            const    0x08005510    0x10  debug.o [1]
  .rodata            const    0x08005520    0x10  lmic.o [1]
  .rodata            const    0x08005530    0x10  lmic.o [1]
  .rodata            const    0x08005540    0x10  main.o [1]
  .rodata            const    0x08005550    0x10  radio.o [1]
  .text              ro code  0x08005560    0x10  startup_stm32l1xx_md_iar.o [1]
  .rodata            const    0x08005570     0xc  debug.o [1]
  .rodata            const    0x0800557c     0xc  debug.o [1]
  .rodata            const    0x08005588     0xc  debug.o [1]
  .rodata            const    0x08005594     0xc  debug.o [1]
  .rodata            const    0x080055a0     0xc  debug.o [1]
  .rodata            const    0x080055ac     0xc  debug.o [1]
  .rodata            const    0x080055b8     0xc  lmic.o [1]
  .rodata            const    0x080055c4     0xc  lmic.o [1]
  .text              ro code  0x080055d0     0xc  cstartup_M.o [4]
  .rodata            const    0x080055dc     0x8  debug.o [1]
  .rodata            const    0x080055e4     0x8  debug.o [1]
  .rodata            const    0x080055ec     0x8  debug.o [1]
  .rodata            const    0x080055f4     0x8  debug.o [1]
  .rodata            const    0x080055fc     0x8  hal.o [1]
  .rodata            const    0x08005604     0x8  hal.o [1]
  .rodata            const    0x0800560c     0x8  lmic.o [1]
  .rodata            const    0x08005614     0x8  lmic.o [1]
  .rodata            const    0x0800561c     0x8  main.o [1]
  .rodata            const    0x08005624     0x8  main.o [1]
  .rodata            const    0x0800562c     0x4  radio.o [1]
  .text              ro code  0x08005630     0x4  startup_stm32l1xx_md_iar.o [1]
  .text              ro code  0x08005634     0x4  startup_stm32l1xx_md_iar.o [1]
  .text              ro code  0x08005638     0x4  startup_stm32l1xx_md_iar.o [1]
  .text              ro code  0x0800563c     0x4  startup_stm32l1xx_md_iar.o [1]
  .text              ro code  0x08005640     0x4  startup_stm32l1xx_md_iar.o [1]
  .text              ro code  0x08005644     0x4  startup_stm32l1xx_md_iar.o [1]
  .text              ro code  0x08005648     0x4  startup_stm32l1xx_md_iar.o [1]
  .text              ro code  0x0800564c     0x4  startup_stm32l1xx_md_iar.o [1]
  .text              ro code  0x08005650     0x4  startup_stm32l1xx_md_iar.o [1]
  .text              ro code  0x08005654     0x4  startup_stm32l1xx_md_iar.o [1]
  .text              ro code  0x08005658     0x4  startup_stm32l1xx_md_iar.o [1]
  .text              ro code  0x0800565c     0x4  startup_stm32l1xx_md_iar.o [1]
  .text              ro code  0x08005660     0x4  startup_stm32l1xx_md_iar.o [1]
  .text              ro code  0x08005664     0x4  startup_stm32l1xx_md_iar.o [1]
  .text              ro code  0x08005668     0x4  startup_stm32l1xx_md_iar.o [1]
  .text              ro code  0x0800566c     0x4  startup_stm32l1xx_md_iar.o [1]
  .text              ro code  0x08005670     0x4  startup_stm32l1xx_md_iar.o [1]
  .text              ro code  0x08005674     0x4  startup_stm32l1xx_md_iar.o [1]
  .text              ro code  0x08005678     0x4  startup_stm32l1xx_md_iar.o [1]
  .text              ro code  0x0800567c     0x4  startup_stm32l1xx_md_iar.o [1]
  .text              ro code  0x08005680     0x4  startup_stm32l1xx_md_iar.o [1]
  .text              ro code  0x08005684     0x4  startup_stm32l1xx_md_iar.o [1]
  .text              ro code  0x08005688     0x4  startup_stm32l1xx_md_iar.o [1]
  .text              ro code  0x0800568c     0x4  startup_stm32l1xx_md_iar.o [1]
  .text              ro code  0x08005690     0x4  startup_stm32l1xx_md_iar.o [1]
  .text              ro code  0x08005694     0x4  startup_stm32l1xx_md_iar.o [1]
  .text              ro code  0x08005698     0x4  startup_stm32l1xx_md_iar.o [1]
  .text              ro code  0x0800569c     0x4  startup_stm32l1xx_md_iar.o [1]
  .text              ro code  0x080056a0     0x4  startup_stm32l1xx_md_iar.o [1]
  .text              ro code  0x080056a4     0x4  startup_stm32l1xx_md_iar.o [1]
  .text              ro code  0x080056a8     0x4  startup_stm32l1xx_md_iar.o [1]
  .text              ro code  0x080056ac     0x4  startup_stm32l1xx_md_iar.o [1]
  .text              ro code  0x080056b0     0x4  startup_stm32l1xx_md_iar.o [1]
  .text              ro code  0x080056b4     0x4  startup_stm32l1xx_md_iar.o [1]
  .text              ro code  0x080056b8     0x4  startup_stm32l1xx_md_iar.o [1]
  .text              ro code  0x080056bc     0x4  startup_stm32l1xx_md_iar.o [1]
  .text              ro code  0x080056c0     0x4  startup_stm32l1xx_md_iar.o [1]
  .text              ro code  0x080056c4     0x4  startup_stm32l1xx_md_iar.o [1]
  .text              ro code  0x080056c8     0x4  startup_stm32l1xx_md_iar.o [1]
  .text              ro code  0x080056cc     0x4  startup_stm32l1xx_md_iar.o [1]
  .text              ro code  0x080056d0     0x4  startup_stm32l1xx_md_iar.o [1]
  .text              ro code  0x080056d4     0x4  startup_stm32l1xx_md_iar.o [1]
  .text              ro code  0x080056d8     0x4  startup_stm32l1xx_md_iar.o [1]
  .text              ro code  0x080056dc     0x4  startup_stm32l1xx_md_iar.o [1]
  .text              ro code  0x080056e0     0x4  startup_stm32l1xx_md_iar.o [1]
  .text              ro code  0x080056e4     0x4  startup_stm32l1xx_md_iar.o [1]
  .rodata            const    0x080056e8     0x0  zero_init3.o [4]
  .rodata            const    0x080056e8     0x0  copy_init3.o [4]
  Initializer bytes  const    0x080056e8    0x44  <for P2 s0>
                            - 0x0800572c  0x5638

"P2":                                      0xae0
  P2 s0                       0x20000000    0x44  <Init block>
    .data            inited   0x20000000    0x40  debug.o [1]
    .data            inited   0x20000040     0x1  main.o [1]
  .bss               zero     0x20000044   0x1a8  lmic.o [1]
  .bss               zero     0x200001ec    0xb0  aes.o [1]
  .bss               zero     0x2000029c    0x10  aes.o [1]
  .bss               zero     0x200002ac    0x10  radio.o [1]
  .bss               zero     0x200002bc     0xc  main.o [1]
  .bss               zero     0x200002c8     0x8  hal.o [1]
  .bss               zero     0x200002d0     0x8  oslmic.o [1]
  .bss               zero     0x200002d8     0x1  main.o [1]
  .bss               zero     0x200002d9     0x1  main.o [1]
  .bss               zero     0x200002da     0x1  main.o [1]
  .bss               zero     0x200002db     0x1  main.o [1]
  .bss               zero     0x200002dc     0x1  main.o [1]
  CSTACK                      0x200002e0   0x800  <Block>
    CSTACK           uninit   0x200002e0   0x800  <Block tail>
                            - 0x20000ae0   0xae0


*******************************************************************************
*** INIT TABLE
***

          Address     Size
          -------     ----
Zero (__iar_zero_init3)
    1 destination range, total size 0x299:
          0x20000044  0x299

Copy (__iar_copy_init3)
    1 source range, total size 0x44 (104% of destination):
          0x080056e8   0x44
    1 destination range, total size 0x41:
          0x20000000   0x41



*******************************************************************************
*** MODULE SUMMARY
***

    Module                      ro code  ro data  rw data
    ------                      -------  -------  -------
C:\Users\jocelyn\Desktop\spé\lora-parameter-study\lmic-release-v1.4-for-ensimag\lmic-release-v1.4\source\uplink_test\Debug\Obj: [1]
    aes.o                         2 476    4 392      192
    debug.o                         328      316       64
    hal.o                         1 060       16        8
    hw.o                            412
    lmic.o                        7 988      308      424
    main.o                          892      173       18
    oslmic.o                        320                 8
    radio.o                       2 026       20       16
    startup_stm32l1xx_md_iar.o      444
    system_stm32l1xx.o              368
    -----------------------------------------------------
    Total:                       16 314    5 225      730

command line: [2]
    -----------------------------------------------------
    Total:

dl7M_tln.a: [3]
    exit.o                            4
    low_level_init.o                  4
    -----------------------------------------------------
    Total:                            8

rt7M_tl.a: [4]
    ABImemcpy_unaligned.o           118
    ABImemset.o                     102
    I64DivMod.o                     306
    I64DivZer.o                       2
    cexit.o                          10
    cmain.o                          26
    copy_init3.o                     44
    cstartup_M.o                     12
    data_init.o                      40
    zero_init3.o                     34
    -----------------------------------------------------
    Total:                          694

shb_l.a: [5]
    exit.o                           20
    -----------------------------------------------------
    Total:                           20

    Gaps                             16
    Linker created                            39    2 048
---------------------------------------------------------
    Grand Total:                 17 052    5 264    2 778


*******************************************************************************
*** ENTRY LIST
***

Entry                      Address   Size  Type      Object
-----                      -------   ----  ----      ------
.iar.init_table$$Base   0x080053b4          --   Gb  - Linker created -
.iar.init_table$$Limit  0x080053d8          --   Gb  - Linker created -
?main                   0x08005435         Code  Gb  cmain.o [4]
AESAUX                  0x2000029c   0x10  Data  Gb  aes.o [1]
AESKEY                  0x200001ec   0xb0  Data  Gb  aes.o [1]
AES_E1                  0x08003fc0  0x400  Data  Lc  aes.o [1]
AES_E2                  0x080043c0  0x400  Data  Lc  aes.o [1]
AES_E3                  0x080047c0  0x400  Data  Lc  aes.o [1]
AES_E4                  0x08004bc0  0x400  Data  Lc  aes.o [1]
AES_RCON                0x0800531c   0x28  Data  Lc  aes.o [1]
AES_S                   0x08005130  0x100  Data  Lc  aes.o [1]
APPEUI                  0x0800560c    0x8  Data  Lc  lmic.o [1]
APPEUI                  0x0800561c    0x8  Data  Lc  main.o [1]
CSTACK$$Base            0x200002e0          --   Gb  - Linker created -
CSTACK$$Limit           0x20000ae0          --   Gb  - Linker created -
DEVEUI                  0x08005614    0x8  Data  Lc  lmic.o [1]
DEVEUI                  0x08005624    0x8  Data  Lc  main.o [1]
DEVKEY                  0x08005540   0x10  Data  Lc  main.o [1]
DR2HSYM_osticks         0x080053d8   0x20  Data  Lc  lmic.o [1]
DRADJUST                0x080055c4    0xc  Data  Lc  lmic.o [1]
EXTI0_IRQHandler        0x08003af9    0x8  Code  Gb  hal.o [1]
EXTI15_10_IRQHandler    0x08003b29    0x8  Code  Gb  hal.o [1]
EXTI1_IRQHandler        0x08003b01    0x8  Code  Gb  hal.o [1]
EXTI2_IRQHandler        0x08003b09    0x8  Code  Gb  hal.o [1]
EXTI3_IRQHandler        0x08003b11    0x8  Code  Gb  hal.o [1]
EXTI4_IRQHandler        0x08003b19    0x8  Code  Gb  hal.o [1]
EXTI9_5_IRQHandler      0x08003b21    0x8  Code  Gb  hal.o [1]
EXTI_IRQHandler         0x08003ab5   0x44  Code  Gb  hal.o [1]
HAL                     0x200002c8    0x8  Data  Lc  hal.o [1]
LMIC                    0x20000044  0x1a8  Data  Gb  lmic.o [1]
LMIC_init               0x08001e95    0xa  Code  Gb  lmic.o [1]
LMIC_reset              0x08001e15   0x80  Code  Gb  lmic.o [1]
LMIC_setTxData          0x08001eb1   0x2a  Code  Gb  lmic.o [1]
LMIC_setTxData2         0x08001ee1   0x48  Code  Gb  lmic.o [1]
LMIC_setupChannel       0x0800087d   0xaa  Code  Gb  lmic.o [1]
LMIC_startJoining       0x08001699   0x72  Code  Gb  lmic.o [1]
LORA_RXDONE_FIXUP       0x08005550   0x10  Data  Lc  radio.o [1]
OS                      0x200002d0    0x8  Data  Lc  oslmic.o [1]
Region$$Table$$Base     0x080053b4          --   Gb  - Linker created -
Region$$Table$$Limit    0x080053d8          --   Gb  - Linker created -
SENSITIVITY             0x08005490   0x18  Data  Lc  lmic.o [1]
SetSysClock             0x08005013   0xf2  Code  Lc  system_stm32l1xx.o [1]
SystemInit              0x08004fc1   0x52  Code  Gb  system_stm32l1xx.o [1]
TIM9_IRQHandler         0x08003cb9   0x26  Code  Gb  hal.o [1]
TXPOWLEVELS             0x08005530   0x10  Data  Lc  lmic.o [1]
_DR2RPS_CRC             0x080055b8    0xc  Data  Gb  lmic.o [1]
__aeabi_ldiv0           0x08003e0d         Code  Gb  I64DivZer.o [4]
__aeabi_ldivmod         0x08002dd9         Code  Gb  I64DivMod.o [4]
__aeabi_memset          0x08001f89         Code  Gb  ABImemset.o [4]
__aeabi_uldivmod        0x08002e1d         Code  Gb  I64DivMod.o [4]
__cmain                 0x08005435         Code  Gb  cmain.o [4]
__exit                  0x08005465   0x14  Code  Gb  exit.o [5]
__iar_Memset            0x08001f89         Code  Gb  ABImemset.o [4]
__iar_Memset_word       0x08001f91         Code  Gb  ABImemset.o [4]
__iar_copy_init3        0x080052f1   0x2c  Code  Gb  copy_init3.o [4]
__iar_data_init3        0x08005345   0x28  Code  Gb  data_init.o [4]
__iar_program_start     0x080055d1         Code  Gb  cstartup_M.o [4]
__iar_unaligned___aeabi_memcpy
                        0x08002011         Code  Gb  ABImemcpy_unaligned.o [4]
__iar_unaligned___aeabi_memcpy4
                        0x08002031         Code  Gb  ABImemcpy_unaligned.o [4]
__iar_unaligned___aeabi_memcpy8
                        0x08002031         Code  Gb  ABImemcpy_unaligned.o [4]
__iar_zero_init3        0x08001fef   0x22  Code  Gb  zero_init3.o [4]
__low_level_init        0x0800544f    0x4  Code  Gb  low_level_init.o [3]
__vector_table          0x08000000         Data  Gb  startup_stm32l1xx_md_iar.o [1]
_call_main              0x08005441         Code  Gb  cmain.o [4]
_exit                   0x08005459         Code  Gb  cexit.o [4]
_main                   0x0800544b         Code  Gb  cmain.o [4]
aes_appendMic0          0x08000245   0x24  Code  Lc  lmic.o [1]
aes_cipher              0x08000269   0x90  Code  Lc  lmic.o [1]
aes_verifyMic           0x080001ed   0x58  Code  Lc  lmic.o [1]
aesroundkeys            0x08002089   0xc8  Code  Lc  aes.o [1]
blinkfunc               0x08002a9f   0x34  Code  Lc  main.o [1]
blinkjob                0x200002bc    0xc  Data  Lc  main.o [1]
buildDataFrame2         0x0800145f   0x94  Code  Lc  lmic.o [1]
buildJoinRequest        0x0800163b   0x4c  Code  Lc  lmic.o [1]
calcAirTime             0x08000321  0x102  Code  Gb  lmic.o [1]
calcBcnRxWindowFromMillis
                        0x080004a5   0x90  Code  Lc  lmic.o [1]
calcRxWindow            0x08000423   0x82  Code  Lc  lmic.o [1]
configChannel           0x080030bd   0x44  Code  Lc  radio.o [1]
configLoraModem         0x08003001   0xbc  Code  Lc  radio.o [1]
configPower             0x08003101   0x30  Code  Lc  radio.o [1]
convFreq                0x08000927   0x26  Code  Lc  lmic.o [1]
debug_buf               0x080038c7   0x2e  Code  Gb  debug.o [1]
debug_char              0x08003897   0x10  Code  Gb  debug.o [1]
debug_event             0x08003947   0x1c  Code  Gb  debug.o [1]
debug_hex               0x080038a7   0x20  Code  Gb  debug.o [1]
debug_init              0x08003841   0x44  Code  Gb  debug.o [1]
debug_led               0x08003885   0x12  Code  Gb  debug.o [1]
debug_str               0x08003911   0x16  Code  Gb  debug.o [1]
debug_uint              0x080038f5   0x1c  Code  Gb  debug.o [1]
debug_val               0x08003927   0x20  Code  Gb  debug.o [1]
decDR                   0x08003fad   0x14  Code  Gb  lmic.o [1]
decodeBeacon            0x08000b71   0xe8  Code  Lc  lmic.o [1]
decodeFrame             0x08000c89  0x5ba  Code  Lc  lmic.o [1]
deltaticks              0x08003c29   0x26  Code  Lc  hal.o [1]
dndr2rps                0x08003811   0x16  Code  Gb  lmic.o [1]
endTest                 0x200002d9    0x1  Data  Lc  main.o [1]
engineUpdate            0x08001b49  0x2be  Code  Lc  lmic.o [1]
exit                    0x08005453    0x4  Code  Gb  exit.o [3]
getBw                   0x08002db7    0x8  Code  Gb  radio.o [1]
getCr                   0x08002dcf    0x8  Code  Gb  radio.o [1]
getIh                   0x08002dc7    0x8  Code  Gb  radio.o [1]
getNocrc                0x08002dbf    0x8  Code  Gb  radio.o [1]
getSensitivity          0x080002f9   0x28  Code  Gb  lmic.o [1]
getSf                   0x08002db1    0x6  Code  Gb  radio.o [1]
hal_checkTimer          0x08003c5f   0x5a  Code  Gb  hal.o [1]
hal_disableIRQs         0x08003cdf    0xe  Code  Gb  hal.o [1]
hal_enableIRQs          0x08003ced   0x16  Code  Gb  hal.o [1]
hal_failed              0x08003da1    0xc  Code  Gb  hal.o [1]
hal_init                0x08003d13   0x28  Code  Gb  hal.o [1]
hal_io_init             0x08003989   0xb2  Code  Lc  hal.o [1]
hal_pin_nss             0x08003a6b   0x12  Code  Gb  hal.o [1]
hal_pin_rst             0x08003a7d   0x38  Code  Gb  hal.o [1]
hal_pin_rxtx            0x08003a3b   0x30  Code  Gb  hal.o [1]
hal_sleep               0x08003d03   0x10  Code  Gb  hal.o [1]
hal_spi                 0x08003b6d   0x18  Code  Gb  hal.o [1]
hal_spi_init            0x08003b31   0x3c  Code  Lc  hal.o [1]
hal_ticks               0x08003bff   0x2a  Code  Gb  hal.o [1]
hal_time_init           0x08003b85   0x7a  Code  Lc  hal.o [1]
hal_waitUntil           0x08003c4f   0x10  Code  Gb  hal.o [1]
hw_cfg_extirq           0x08003eb9   0xd8  Code  Gb  hw.o [1]
hw_cfg_pin              0x08003e11   0x8e  Code  Gb  hw.o [1]
hw_set_pin              0x08003e9f   0x1a  Code  Gb  hw.o [1]
iniChannelFreq          0x08005294   0x30  Data  Lc  lmic.o [1]
initDefaultChannels     0x08000743  0x13a  Code  Lc  lmic.o [1]
initJoinLoop            0x08000a55   0x54  Code  Lc  lmic.o [1]
initfunc                0x08002a77    0xe  Code  Lc  main.o [1]
inputpins               0x08005604    0x8  Data  Lc  hal.o [1]
jreqDone                0x080013d5   0x12  Code  Lc  lmic.o [1]
ledstate                0x200002db    0x1  Data  Lc  main.o [1]
lowerDR                 0x08003dc9   0x22  Code  Gb  lmic.o [1]
main                    0x08002a85   0x1a  Code  Gb  main.o [1]
mapChannels             0x0800094d   0x5c  Code  Lc  lmic.o [1]
micB0                   0x0800018f   0x5e  Code  Lc  lmic.o [1]
msgData                 0x20000040    0x1  Data  Gb  main.o [1]
nextTx                  0x08000a09   0x10  Code  Lc  lmic.o [1]
numTest                 0x200002dc    0x1  Data  Lc  main.o [1]
numberTestChange        0x200002da    0x1  Data  Lc  main.o [1]
numberToSend            0x200002d8    0x1  Data  Lc  main.o [1]
onBcnRx                 0x0800150d   0xa4  Code  Lc  lmic.o [1]
onEvent                 0x08002ce9   0x84  Code  Gb  main.o [1]
opmode                  0x08002fc5   0x1c  Code  Lc  radio.o [1]
opmodeFSK               0x08002ff1   0x10  Code  Lc  radio.o [1]
opmodeLora              0x08002fe1   0x10  Code  Lc  radio.o [1]
os_aes                  0x08002151  0x8c2  Code  Gb  aes.o [1]
os_clearCallback        0x08003717   0x2e  Code  Gb  oslmic.o [1]
os_crc16                0x08000157   0x38  Code  Gb  lmic.o [1]
os_getArtEui            0x08002a35   0x16  Code  Gb  main.o [1]
os_getDevEui            0x08002a4b   0x16  Code  Gb  main.o [1]
os_getDevKey            0x08002a61   0x16  Code  Gb  main.o [1]
os_getTime              0x080036f1    0x8  Code  Gb  oslmic.o [1]
os_init                 0x080036d1   0x20  Code  Gb  oslmic.o [1]
os_radio                0x08003695   0x3c  Code  Gb  radio.o [1]
os_rlsbf2               0x080000f5    0xc  Code  Gb  lmic.o [1]
os_rlsbf4               0x08000101   0x16  Code  Gb  lmic.o [1]
os_rmsbf4               0x08000117   0x16  Code  Gb  lmic.o [1]
os_runloop              0x080037b1   0x56  Code  Gb  oslmic.o [1]
os_setCallback          0x08003745   0x2c  Code  Gb  oslmic.o [1]
os_setTimedCallback     0x08003771   0x40  Code  Gb  oslmic.o [1]
os_wlsbf2               0x0800012d    0xa  Code  Gb  lmic.o [1]
os_wlsbf4               0x08000137   0x10  Code  Gb  lmic.o [1]
os_wmsbf4               0x08000147   0x10  Code  Gb  lmic.o [1]
outputpins              0x080055fc    0x8  Data  Lc  hal.o [1]
processBeacon           0x080018fd  0x212  Code  Lc  lmic.o [1]
processDnData           0x08001745  0x1ac  Code  Lc  lmic.o [1]
processPingRx           0x0800170b   0x30  Code  Lc  lmic.o [1]
processRx2DnData        0x080013fb   0x40  Code  Lc  lmic.o [1]
processRx2DnDataDelay   0x080013f1    0xa  Code  Lc  lmic.o [1]
processRx2Jacc          0x08001321   0x96  Code  Lc  lmic.o [1]
radio_init              0x08003477   0xa0  Code  Gb  radio.o [1]
radio_irq_handler       0x0800354b  0x12c  Code  Gb  radio.o [1]
radio_rand1             0x08003517   0x34  Code  Gb  radio.o [1]
randbuf                 0x200002ac   0x10  Data  Lc  radio.o [1]
readBuf                 0x08002f8f   0x36  Code  Lc  radio.o [1]
readReg                 0x08002f33   0x26  Code  Lc  radio.o [1]
reportEvent             0x08000ab3   0x12  Code  Lc  lmic.o [1]
rndDelay                0x08000663   0x4c  Code  Lc  lmic.o [1]
runEngineUpdate         0x08000aa9    0xa  Code  Lc  lmic.o [1]
runReset                0x08000ac5   0x14  Code  Lc  lmic.o [1]
rxfsk                   0x0800337b   0xc8  Code  Lc  radio.o [1]
rxlora                  0x080032c5   0xb6  Code  Lc  radio.o [1]
rxlorairqmask           0x0800562c    0x4  Data  Lc  radio.o [1]
rxschedInit             0x08000535   0xc8  Code  Lc  lmic.o [1]
rxschedNext             0x080005fd   0x66  Code  Lc  lmic.o [1]
sendNextMessage         0x08002cb3   0x36  Code  Gb  main.o [1]
setBcnRxParams          0x08000a19   0x3c  Code  Lc  lmic.o [1]
setCr                   0x08003dfd   0x10  Code  Gb  lmic.o [1]
setDrJoin               0x080006f9    0xa  Code  Lc  lmic.o [1]
setDrTxpow              0x08000703   0x40  Code  Lc  lmic.o [1]
setIh                   0x08003835    0xa  Code  Gb  lmic.o [1]
setNocrc                0x08003827    0xe  Code  Gb  lmic.o [1]
setupRx2                0x08001243   0x3e  Code  Lc  lmic.o [1]
setupRx2DnData          0x0800143b   0x14  Code  Lc  lmic.o [1]
setupRx2Jacc            0x080013bd   0x14  Code  Lc  lmic.o [1]
startJoining            0x0800168d    0xc  Code  Lc  lmic.o [1]
startRxBcn              0x08001b0f   0x16  Code  Lc  lmic.o [1]
startRxPing             0x08001b25   0x16  Code  Lc  lmic.o [1]
startScan               0x080015b5   0x86  Code  Lc  lmic.o [1]
startrx                 0x08003443   0x34  Code  Lc  radio.o [1]
starttx                 0x08003299   0x2c  Code  Lc  radio.o [1]
stateJustJoined         0x08000ad9   0x98  Code  Lc  lmic.o [1]
testBandWidth           0x08002b3b   0x5e  Code  Gb  main.o [1]
testCodingRate          0x08002c55   0x5e  Code  Gb  main.o [1]
testPacketSize          0x08002ad3   0x68  Code  Gb  main.o [1]
testPower               0x08002b99   0x5e  Code  Gb  main.o [1]
testSpreadingFactor     0x08002bf7   0x5e  Code  Gb  main.o [1]
txDelay                 0x080006af   0x4a  Code  Lc  lmic.o [1]
txDone                  0x08001285   0x9c  Code  Lc  lmic.o [1]
txfsk                   0x08003131   0xce  Code  Lc  radio.o [1]
txlora                  0x080031ff   0x9a  Code  Lc  radio.o [1]
unlinkjob               0x080036f9   0x1e  Code  Lc  oslmic.o [1]
updataDone              0x0800144f   0x10  Code  Lc  lmic.o [1]
updateTx                0x080009a9   0x60  Code  Lc  lmic.o [1]
updr2rps                0x08003ded   0x10  Code  Gb  lmic.o [1]
validDR                 0x08003dad   0x1c  Code  Gb  lmic.o [1]
writeBuf                0x08002f59   0x36  Code  Lc  radio.o [1]
writeReg                0x08002f0d   0x26  Code  Lc  radio.o [1]


[1] = C:\Users\jocelyn\Desktop\spé\lora-parameter-study\lmic-release-v1.4-for-ensimag\lmic-release-v1.4\source\uplink_test\Debug\Obj
[2] = command line
[3] = dl7M_tln.a
[4] = rt7M_tl.a
[5] = shb_l.a

  17 052 bytes of readonly  code memory
   5 264 bytes of readonly  data memory
   2 778 bytes of readwrite data memory

Errors: none
Warnings: none
